
> editohub@0.1.0 build
> next build

Γû▓ Next.js 16.1.3 (Turbopack)
- Environments: .env.local

  Creating an optimized production build ...
Γ£ô Compiled successfully in 22.9s
  Running TypeScript ...
node.exe : Failed to compile.
At line:1 char:1
+ & "C:\Program Files\nodejs/node.exe" "C:\Users\rames\AppData\Roaming\ ...
+ ~~~~~~~~~~~~~~~~~~~~~~~~~~~~~~~~~~~~~~~~~~~~~~~~~~~~~~~~~~~~~~~~~~~~~
    + CategoryInfo          : NotSpecified: (Failed to compile.:String) [], Re 
   moteException
    + FullyQualifiedErrorId : NativeCommandError
 

./src/app/dashboard/components/review-system-modal.tsx:695:60
Type error: Property 'fileSize' does not exist on type 'RevisionDoc'.

[0m [90m 693 |[39m                                 
hlsUrl[33m=[39m{selectedRevision[33m.[39mhlsUrl}
 [90m 694 |[39m                                 
projectName[33m=[39m{project[33m?[39m[33m.[39mname [33m||[39m 
[32m"Review"[39m}
[31m[1m>[22m[39m[90m 695 |[39m                                 
fileSize[33m=[39m{selectedRevision[33m.[39mfileSize}
 [90m     |[39m                                                            
[31m[1m^[22m[39m
 [90m 696 |[39m                                 
onTimeUpdate[33m=[39m{(currentTime[33m,[39m duration) [33m=>[39m {
 [90m 697 |[39m                                     
setCurrentTime(currentTime)[33m;[39m
 [90m 698 |[39m                                     
setDuration(duration)[33m;[39m[0m
Next.js build worker exited with code: 1 and signal: null
