
> editohub@0.1.0 build
> next build

Γû▓ Next.js 16.1.3 (Turbopack)
- Environments: .env.local

  Creating an optimized production build ...
Γ£ô Compiled successfully in 23.1s
  Running TypeScript ...
node.exe : Failed to compile.
At line:1 char:1
+ & "C:\Program Files\nodejs/node.exe" "C:\Users\rames\AppData\Roaming\ ...
+ ~~~~~~~~~~~~~~~~~~~~~~~~~~~~~~~~~~~~~~~~~~~~~~~~~~~~~~~~~~~~~~~~~~~~~
    + CategoryInfo          : NotSpecified: (Failed to compile.:String) [], R 
   emoteException
    + FullyQualifiedErrorId : NativeCommandError
 

./src/app/dashboard/components/admin-dashboard.tsx:2438:22
Type error: Cannot find name 'ProjectTasksSection'.

[0m [90m 2436 |[39m
 [90m 2437 |[39m                     {[90m/* Tasks Section */[39m}
[31m[1m>[22m[39m[90m 2438 |[39m                     
[33m<[39m[33mProjectTasksSection[39m 
 [90m      |[39m                      [31m[1m^[22m[39m
 [90m 2439 |[39m                         project[33m=[39m{inspectProject} 
 [90m 2440 |[39m                         users[33m=[39m{users} 
 [90m 2441 |[39m                         onTasksChanged[33m=[39m{(tasks) 
[33m=>[39m setInspectProject({[33m...[39minspectProject[33m,[39m 
tasks})}[0m
Next.js build worker exited with code: 1 and signal: null
